OK
OK
OK
OK
OK
OK
1
2
3
4
OK
OK
2 passenger2 Marzdaran SaadatAbad traveling
3 passenger3 Enghelab Tehranpars waiting
4 passenger4 Enghelab Marzdaran waiting
OK
OK
2 passenger2 Marzdaran SaadatAbad finished
2 passenger2 Marzdaran SaadatAbad finished
3 passenger3 Enghelab Tehranpars traveling
4 passenger4 Enghelab Marzdaran waiting
