OK
Bad Request
OK
Bad Request
OK
OK
OK
OK
Bad Request
1
Not Found
2
3
Permission Denied
1 mmd Enghelab Farahzad waiting
2 amin Marzdaran SaadatAbad waiting
3 elahe Marzdaran Enghelab waiting
1 mmd Enghelab Farahzad waiting
OK
Bad Request
Not Found
Not Found
Permission Denied
1 mmd Enghelab Farahzad traveling
2 amin Marzdaran SaadatAbad waiting
3 elahe Marzdaran Enghelab waiting
